FFFFFF...........FFF.......                                              [100%]
=================================== FAILURES ===================================
____________________ test_lww_candidate_history_not_erased _____________________

core = (<crm.engine.Engine object at 0x7f45daec1550>, ActorContext(actor_id='01M3926518SHWSJCXFMX0S495T', capabilities=frozen...spatch.result', 'claim.recover', 'interaction.append', 'campaign.edit', 'commercial.edit', 'sync', 'project.accept'})))

    def test_lww_candidate_history_not_erased(core):
        e,a=core;eid=create(e,a);base=e.base()
>       hi=e.ingest(candidate(e,eid,10,'high',base=base),a)
           ^^^^^^^^^^^^^^^^^^^^^^^^^^^^^^^^^^^^^^^^^^^^^^^^

mnt/data/crm_v1_release/Sovereign_Google_Sheets_CRM_v1.0.0/tests/test_turn6.py:19: 
_ _ _ _ _ _ _ _ _ _ _ _ _ _ _ _ _ _ _ _ _ _ _ _ _ _ _ _ _ _ _ _ _ _ _ _ _ _ _ _ 

self = <crm.engine.Engine object at 0x7f45daec1550>
packet = {'authority_epoch': '1', 'base': {'commit_seq': '1', 'transaction_digest': 'b22f1eb174b7182bc6101c540455f53ae00c2ff857ff84977cc498a0165f5042'}, 'command_type': 'entity.lww.set', 'ledger_id': '01M3926518SHWSJCXFMX0S495S', ...}
actor = ActorContext(actor_id='01M3926518SHWSJCXFMX0S495T', capabilities=frozenset({'audit.read', 'resolve_observation', 'quer...ispatch.result', 'claim.recover', 'interaction.append', 'campaign.edit', 'commercial.edit', 'sync', 'project.accept'}))

    def ingest(self,packet,actor:ActorContext,*,staging_receipt=None):
        if isinstance(packet,(str,bytes)): packet=loads(packet)
        self.validate(packet)
>       cmd=packet['command_type']; cap=CAPS[cmd]
                                        ^^^^^^^^^
E       KeyError: 'entity.lww.set'

mnt/data/crm_v1_release/Sovereign_Google_Sheets_CRM_v1.0.0/crm/engine.py:258: KeyError
__________________ test_lww_equal_clock_total_order_and_retry __________________

core = (<crm.engine.Engine object at 0x7f45dae474d0>, ActorContext(actor_id='01M392653QK2QJXE5054RBJ3QB', capabilities=frozen...spatch.result', 'claim.recover', 'interaction.append', 'campaign.edit', 'commercial.edit', 'sync', 'project.accept'})))

    def test_lww_equal_clock_total_order_and_retry(core):
        e,a=core;eid=create(e,a);base=e.base()
        p=candidate(e,eid,10,'lower',base=base);q=candidate(e,eid,10,'higher',base=base)
        assert q['operation_id']>p['operation_id']
>       win=e.ingest(q,a);e.ingest(p,a)
            ^^^^^^^^^^^^^

mnt/data/crm_v1_release/Sovereign_Google_Sheets_CRM_v1.0.0/tests/test_turn6.py:32: 
_ _ _ _ _ _ _ _ _ _ _ _ _ _ _ _ _ _ _ _ _ _ _ _ _ _ _ _ _ _ _ _ _ _ _ _ _ _ _ _ 

self = <crm.engine.Engine object at 0x7f45dae474d0>
packet = {'authority_epoch': '1', 'base': {'commit_seq': '1', 'transaction_digest': '57754b37d43e2a41b6205086d5ca70bb77e8023a4e5ca7edcf625d4b8a375624'}, 'command_type': 'entity.lww.set', 'ledger_id': '01M392653QK2QJXE5054RBJ3QA', ...}
actor = ActorContext(actor_id='01M392653QK2QJXE5054RBJ3QB', capabilities=frozenset({'audit.read', 'resolve_observation', 'quer...ispatch.result', 'claim.recover', 'interaction.append', 'campaign.edit', 'commercial.edit', 'sync', 'project.accept'}))

    def ingest(self,packet,actor:ActorContext,*,staging_receipt=None):
        if isinstance(packet,(str,bytes)): packet=loads(packet)
        self.validate(packet)
>       cmd=packet['command_type']; cap=CAPS[cmd]
                                        ^^^^^^^^^
E       KeyError: 'entity.lww.set'

mnt/data/crm_v1_release/Sovereign_Google_Sheets_CRM_v1.0.0/crm/engine.py:258: KeyError
__________________ test_lww_actor_tie_break_is_authenticated ___________________

core = (<crm.engine.Engine object at 0x7f45dade4050>, ActorContext(actor_id='01M392654RNTE1YH90Z13SXYTC', capabilities=frozen...spatch.result', 'claim.recover', 'interaction.append', 'campaign.edit', 'commercial.edit', 'sync', 'project.accept'})))

    def test_lww_actor_tie_break_is_authenticated(core):
        e,a=core;eid=create(e,a);base=e.base();aid=new_id()
        with e.db.transaction() as c:c.execute('INSERT INTO actors VALUES(?,?,?,?,0)',(e.state()['tenant_id'] if False else c.execute('SELECT tenant_id FROM ledger_state').fetchone()[0],aid,'second','agent'))
        b=ActorContext(aid,a.capabilities)
        pairs=[(candidate(e,eid,9,'a',base=base),a),(candidate(e,eid,9,'b',base=base),b)]
>       for p,x in reversed(pairs):e.ingest(p,x)
                                   ^^^^^^^^^^^^^

mnt/data/crm_v1_release/Sovereign_Google_Sheets_CRM_v1.0.0/tests/test_turn6.py:41: 
_ _ _ _ _ _ _ _ _ _ _ _ _ _ _ _ _ _ _ _ _ _ _ _ _ _ _ _ _ _ _ _ _ _ _ _ _ _ _ _ 

self = <crm.engine.Engine object at 0x7f45dade4050>
packet = {'authority_epoch': '1', 'base': {'commit_seq': '1', 'transaction_digest': '120b72076eff0609fed7cb8fc5a67dee1fdf0c050a029a875ac1088d851724ac'}, 'command_type': 'entity.lww.set', 'ledger_id': '01M392654RNTE1YH90Z13SXYTB', ...}
actor = ActorContext(actor_id='01M392655FM470RZ8AWN8903J9', capabilities=frozenset({'audit.read', 'resolve_observation', 'quer...ispatch.result', 'claim.recover', 'interaction.append', 'campaign.edit', 'commercial.edit', 'sync', 'project.accept'}))

    def ingest(self,packet,actor:ActorContext,*,staging_receipt=None):
        if isinstance(packet,(str,bytes)): packet=loads(packet)
        self.validate(packet)
>       cmd=packet['command_type']; cap=CAPS[cmd]
                                        ^^^^^^^^^
E       KeyError: 'entity.lww.set'

mnt/data/crm_v1_release/Sovereign_Google_Sheets_CRM_v1.0.0/crm/engine.py:258: KeyError
______________________ test_lww_based_patch_cannot_bypass ______________________

core = (<crm.engine.Engine object at 0x7f45db02bbb0>, ActorContext(actor_id='01M392655YFPN372H1DKPXPYWM', capabilities=frozen...spatch.result', 'claim.recover', 'interaction.append', 'campaign.edit', 'commercial.edit', 'sync', 'project.accept'})))

    def test_lww_based_patch_cannot_bypass(core):
>       e,a=core;eid=create(e,a);e.ingest(candidate(e,eid,1,'owned'),a)
                                 ^^^^^^^^^^^^^^^^^^^^^^^^^^^^^^^^^^^^^^

mnt/data/crm_v1_release/Sovereign_Google_Sheets_CRM_v1.0.0/tests/test_turn6.py:46: 
_ _ _ _ _ _ _ _ _ _ _ _ _ _ _ _ _ _ _ _ _ _ _ _ _ _ _ _ _ _ _ _ _ _ _ _ _ _ _ _ 

self = <crm.engine.Engine object at 0x7f45db02bbb0>
packet = {'authority_epoch': '1', 'base': {'commit_seq': '1', 'transaction_digest': '27f6544d67de4a901209e1fce3de97153211920e159976f7099336311b1c6d94'}, 'command_type': 'entity.lww.set', 'ledger_id': '01M392655YFPN372H1DKPXPYWK', ...}
actor = ActorContext(actor_id='01M392655YFPN372H1DKPXPYWM', capabilities=frozenset({'audit.read', 'resolve_observation', 'quer...ispatch.result', 'claim.recover', 'interaction.append', 'campaign.edit', 'commercial.edit', 'sync', 'project.accept'}))

    def ingest(self,packet,actor:ActorContext,*,staging_receipt=None):
        if isinstance(packet,(str,bytes)): packet=loads(packet)
        self.validate(packet)
>       cmd=packet['command_type']; cap=CAPS[cmd]
                                        ^^^^^^^^^
E       KeyError: 'entity.lww.set'

mnt/data/crm_v1_release/Sovereign_Google_Sheets_CRM_v1.0.0/crm/engine.py:258: KeyError
___________________ test_lww_first_use_needs_unchanged_field ___________________

core = (<crm.engine.Engine object at 0x7f45dadec510>, ActorContext(actor_id='01M392657GAW0DF9XG05T1SJ8E', capabilities=frozen...spatch.result', 'claim.recover', 'interaction.append', 'campaign.edit', 'commercial.edit', 'sync', 'project.accept'})))

    def test_lww_first_use_needs_unchanged_field(core):
        e,a=core;eid=create(e,a);p=candidate(e,eid,1,'old');patch(e,a,eid,note='recent')
>       assert e.ingest(p,a)['disposition']=='CONFLICT';assert get(e,eid)['note']=='recent'
               ^^^^^^^^^^^^^

mnt/data/crm_v1_release/Sovereign_Google_Sheets_CRM_v1.0.0/tests/test_turn6.py:54: 
_ _ _ _ _ _ _ _ _ _ _ _ _ _ _ _ _ _ _ _ _ _ _ _ _ _ _ _ _ _ _ _ _ _ _ _ _ _ _ _ 

self = <crm.engine.Engine object at 0x7f45dadec510>
packet = {'authority_epoch': '1', 'base': {'commit_seq': '1', 'transaction_digest': '61c6dd1314c0fd15e25ffd4f7b6ded29ae0f40beee95b69a87a872d5bf85a36c'}, 'command_type': 'entity.lww.set', 'ledger_id': '01M392657GAW0DF9XG05T1SJ8D', ...}
actor = ActorContext(actor_id='01M392657GAW0DF9XG05T1SJ8E', capabilities=frozenset({'audit.read', 'resolve_observation', 'quer...ispatch.result', 'claim.recover', 'interaction.append', 'campaign.edit', 'commercial.edit', 'sync', 'project.accept'}))

    def ingest(self,packet,actor:ActorContext,*,staging_receipt=None):
        if isinstance(packet,(str,bytes)): packet=loads(packet)
        self.validate(packet)
>       cmd=packet['command_type']; cap=CAPS[cmd]
                                        ^^^^^^^^^
E       KeyError: 'entity.lww.set'

mnt/data/crm_v1_release/Sovereign_Google_Sheets_CRM_v1.0.0/crm/engine.py:258: KeyError
____________________ test_lww_requires_separate_capability _____________________

core = (<crm.engine.Engine object at 0x7f45daf1ab10>, ActorContext(actor_id='01M392658PS1BD0WGK8KBP8X3T', capabilities=frozen...spatch.result', 'claim.recover', 'interaction.append', 'campaign.edit', 'commercial.edit', 'sync', 'project.accept'})))

    def test_lww_requires_separate_capability(core):
        e,a=core;eid=create(e,a)
>       with pytest.raises(CRMError):e.ingest(candidate(e,eid,1,'denied'),ActorContext(a.actor_id,frozenset({'entity.edit'})))
                                     ^^^^^^^^^^^^^^^^^^^^^^^^^^^^^^^^^^^^^^^^^^^^^^^^^^^^^^^^^^^^^^^^^^^^^^^^^^^^^^^^^^^^^^^^^

mnt/data/crm_v1_release/Sovereign_Google_Sheets_CRM_v1.0.0/tests/test_turn6.py:59: 
_ _ _ _ _ _ _ _ _ _ _ _ _ _ _ _ _ _ _ _ _ _ _ _ _ _ _ _ _ _ _ _ _ _ _ _ _ _ _ _ 

self = <crm.engine.Engine object at 0x7f45daf1ab10>
packet = {'authority_epoch': '1', 'base': {'commit_seq': '1', 'transaction_digest': '185741252a54837fbb43692a5d432c09f6f46457df9e2e4a18570d8921a8c198'}, 'command_type': 'entity.lww.set', 'ledger_id': '01M392658PS1BD0WGK8KBP8X3S', ...}
actor = ActorContext(actor_id='01M392658PS1BD0WGK8KBP8X3T', capabilities=frozenset({'entity.edit'}))

    def ingest(self,packet,actor:ActorContext,*,staging_receipt=None):
        if isinstance(packet,(str,bytes)): packet=loads(packet)
        self.validate(packet)
>       cmd=packet['command_type']; cap=CAPS[cmd]
                                        ^^^^^^^^^
E       KeyError: 'entity.lww.set'

mnt/data/crm_v1_release/Sovereign_Google_Sheets_CRM_v1.0.0/crm/engine.py:258: KeyError
_________________ test_lww_failure_rolls_back_clock_and_state __________________

core = (<crm.engine.Engine object at 0x7f45dae085d0>, ActorContext(actor_id='01M39265HMBR42NN7WB7XHSJMJ', capabilities=frozen...spatch.result', 'claim.recover', 'interaction.append', 'campaign.edit', 'commercial.edit', 'sync', 'project.accept'})))

    def test_lww_failure_rolls_back_clock_and_state(core):
        e,a=core;eid=create(e,a);p=candidate(e,eid,1,'x')
        def fail(point):
            if point=='before_outbox':raise RuntimeError('crash fixture')
        e.fault=fail
>       with pytest.raises(RuntimeError):e.ingest(p,a)
                                         ^^^^^^^^^^^^^

mnt/data/crm_v1_release/Sovereign_Google_Sheets_CRM_v1.0.0/tests/test_turn6.py:79: 
_ _ _ _ _ _ _ _ _ _ _ _ _ _ _ _ _ _ _ _ _ _ _ _ _ _ _ _ _ _ _ _ _ _ _ _ _ _ _ _ 

self = <crm.engine.Engine object at 0x7f45dae085d0>
packet = {'authority_epoch': '1', 'base': {'commit_seq': '1', 'transaction_digest': '9a16f591fc017c429a03e902baf4979ababa0b2d44fdf027cf2b7fdcca57f2d0'}, 'command_type': 'entity.lww.set', 'ledger_id': '01M39265HMBR42NN7WB7XHSJMH', ...}
actor = ActorContext(actor_id='01M39265HMBR42NN7WB7XHSJMJ', capabilities=frozenset({'audit.read', 'resolve_observation', 'quer...ispatch.result', 'claim.recover', 'interaction.append', 'campaign.edit', 'commercial.edit', 'sync', 'project.accept'}))

    def ingest(self,packet,actor:ActorContext,*,staging_receipt=None):
        if isinstance(packet,(str,bytes)): packet=loads(packet)
        self.validate(packet)
>       cmd=packet['command_type']; cap=CAPS[cmd]
                                        ^^^^^^^^^
E       KeyError: 'entity.lww.set'

mnt/data/crm_v1_release/Sovereign_Google_Sheets_CRM_v1.0.0/crm/engine.py:258: KeyError
______________________ test_lww_tombstone_no_resurrection ______________________

core = (<crm.engine.Engine object at 0x7f45dae08aa0>, ActorContext(actor_id='01M39265JSMKZCEW2A455WN9PK', capabilities=frozen...spatch.result', 'claim.recover', 'interaction.append', 'campaign.edit', 'commercial.edit', 'sync', 'project.accept'})))

    def test_lww_tombstone_no_resurrection(core):
        e,a=core;eid=create(e,a);p=candidate(e,eid,999,'resurrect')
        e.ingest(e.packet('entity.tombstone',{'entity_id':eid,'reason':'fixture'}),a)
>       assert e.ingest(p,a)['disposition']=='CONFLICT'
               ^^^^^^^^^^^^^

mnt/data/crm_v1_release/Sovereign_Google_Sheets_CRM_v1.0.0/tests/test_turn6.py:89: 
_ _ _ _ _ _ _ _ _ _ _ _ _ _ _ _ _ _ _ _ _ _ _ _ _ _ _ _ _ _ _ _ _ _ _ _ _ _ _ _ 

self = <crm.engine.Engine object at 0x7f45dae08aa0>
packet = {'authority_epoch': '1', 'base': {'commit_seq': '1', 'transaction_digest': 'fa7682a0eddb387c3e55b52e9f142f6ec0e0715064aa932b52305d831bddbf10'}, 'command_type': 'entity.lww.set', 'ledger_id': '01M39265JSMKZCEW2A455WN9PJ', ...}
actor = ActorContext(actor_id='01M39265JSMKZCEW2A455WN9PK', capabilities=frozenset({'audit.read', 'resolve_observation', 'quer...ispatch.result', 'claim.recover', 'interaction.append', 'campaign.edit', 'commercial.edit', 'sync', 'project.accept'}))

    def ingest(self,packet,actor:ActorContext,*,staging_receipt=None):
        if isinstance(packet,(str,bytes)): packet=loads(packet)
        self.validate(packet)
>       cmd=packet['command_type']; cap=CAPS[cmd]
                                        ^^^^^^^^^
E       KeyError: 'entity.lww.set'

mnt/data/crm_v1_release/Sovereign_Google_Sheets_CRM_v1.0.0/crm/engine.py:258: KeyError
______________ test_lww_value_equal_advances_register_not_entity _______________

core = (<crm.engine.Engine object at 0x7f45dae03890>, ActorContext(actor_id='01M39265M1RMNS5YQWAZDGZEP5', capabilities=frozen...spatch.result', 'claim.recover', 'interaction.append', 'campaign.edit', 'commercial.edit', 'sync', 'project.accept'})))

    def test_lww_value_equal_advances_register_not_entity(core):
>       e,a=core;eid=create(e,a);e.ingest(candidate(e,eid,1,'x'),a);rev=get(e,eid)['entity_rev']
                                 ^^^^^^^^^^^^^^^^^^^^^^^^^^^^^^^^^^

mnt/data/crm_v1_release/Sovereign_Google_Sheets_CRM_v1.0.0/tests/test_turn6.py:93: 
_ _ _ _ _ _ _ _ _ _ _ _ _ _ _ _ _ _ _ _ _ _ _ _ _ _ _ _ _ _ _ _ _ _ _ _ _ _ _ _ 

self = <crm.engine.Engine object at 0x7f45dae03890>
packet = {'authority_epoch': '1', 'base': {'commit_seq': '1', 'transaction_digest': '5335e3896b69c95356663dad33498d367a44883745fb8cca4d95c7d8ccc9ef20'}, 'command_type': 'entity.lww.set', 'ledger_id': '01M39265M1RMNS5YQWAZDGZEP4', ...}
actor = ActorContext(actor_id='01M39265M1RMNS5YQWAZDGZEP5', capabilities=frozenset({'audit.read', 'resolve_observation', 'quer...ispatch.result', 'claim.recover', 'interaction.append', 'campaign.edit', 'commercial.edit', 'sync', 'project.accept'}))

    def ingest(self,packet,actor:ActorContext,*,staging_receipt=None):
        if isinstance(packet,(str,bytes)): packet=loads(packet)
        self.validate(packet)
>       cmd=packet['command_type']; cap=CAPS[cmd]
                                        ^^^^^^^^^
E       KeyError: 'entity.lww.set'

mnt/data/crm_v1_release/Sovereign_Google_Sheets_CRM_v1.0.0/crm/engine.py:258: KeyError
=========================== short test summary info ============================
FAILED mnt/data/crm_v1_release/Sovereign_Google_Sheets_CRM_v1.0.0/tests/test_turn6.py::test_lww_candidate_history_not_erased - KeyError: 'entity.lww.set'
FAILED mnt/data/crm_v1_release/Sovereign_Google_Sheets_CRM_v1.0.0/tests/test_turn6.py::test_lww_equal_clock_total_order_and_retry - KeyError: 'entity.lww.set'
FAILED mnt/data/crm_v1_release/Sovereign_Google_Sheets_CRM_v1.0.0/tests/test_turn6.py::test_lww_actor_tie_break_is_authenticated - KeyError: 'entity.lww.set'
FAILED mnt/data/crm_v1_release/Sovereign_Google_Sheets_CRM_v1.0.0/tests/test_turn6.py::test_lww_based_patch_cannot_bypass - KeyError: 'entity.lww.set'
FAILED mnt/data/crm_v1_release/Sovereign_Google_Sheets_CRM_v1.0.0/tests/test_turn6.py::test_lww_first_use_needs_unchanged_field - KeyError: 'entity.lww.set'
FAILED mnt/data/crm_v1_release/Sovereign_Google_Sheets_CRM_v1.0.0/tests/test_turn6.py::test_lww_requires_separate_capability - KeyError: 'entity.lww.set'
FAILED mnt/data/crm_v1_release/Sovereign_Google_Sheets_CRM_v1.0.0/tests/test_turn6.py::test_lww_failure_rolls_back_clock_and_state - KeyError: 'entity.lww.set'
FAILED mnt/data/crm_v1_release/Sovereign_Google_Sheets_CRM_v1.0.0/tests/test_turn6.py::test_lww_tombstone_no_resurrection - KeyError: 'entity.lww.set'
FAILED mnt/data/crm_v1_release/Sovereign_Google_Sheets_CRM_v1.0.0/tests/test_turn6.py::test_lww_value_equal_advances_register_not_entity - KeyError: 'entity.lww.set'
9 failed, 18 passed in 0.83s
